...
----------------------------------------------------------------------
Ran 3 tests in 0.001s

OK

🧪 Activating Lysosomal Cleaning for DirtyNode
   Current Hesitation: 0.200
   ✅ Junk Recycled. New Hesitation: 0.040
   🌟 Rejuvenescence achieved. Syzygy boosted to 0.580

🚀 Initiating Quantum Teleportation: Source -> Destination
   [Channel] Classical witness: 7.27 bits
   ✅ Teleportation Complete.
   Source destroyed. Destination reconstructed with 98.00% fidelity.
================================================================================
🔮 AVALON TELEPORTATION & REJUVENESCENCE SIMULATION
================================================================================

INITIAL STATES:
   Node(Drone (Source), Syzygy=0.980, Hesitation=0.020, ω=0.000)
   Node(Demon (Destination), Syzygy=0.100, Hesitation=0.140, ω=0.070)

🚀 Initiating Quantum Teleportation: Drone (Source) -> Demon (Destination)
   [Channel] Classical witness: 7.27 bits
   ✅ Teleportation Complete.
   Source destroyed. Destination reconstructed with 98.00% fidelity.

POST-TELEPORT STATES:
   Node(Drone (Source), Syzygy=0.000, Hesitation=0.020, ω=0.000)
   Node(Demon (Destination), Syzygy=0.960, Hesitation=0.140, ω=0.070)

🧪 Activating Lysosomal Cleaning for Demon (Destination)
   Current Hesitation: 0.140
   ✅ Junk Recycled. New Hesitation: 0.028
   🌟 Rejuvenescence achieved. Syzygy boosted to 1.000

FINAL STATES:
   Node(Drone (Source), Syzygy=0.000, Hesitation=0.020, ω=0.000)
   Node(Demon (Destination), Syzygy=1.000, Hesitation=0.028, ω=0.070)

----------------------------------------
📊 UNIVERSAL LAW VERIFICATION:
   Coherence Travel: SUCCESS
   Entropy Recycling: SUCCESS
   Satoshi Invariant: 7.27 (Witnessed)
----------------------------------------
..
----------------------------------------------------------------------
Ran 2 tests in 0.001s

OK
🔮 Initializing Fax of Theseus Simulation
   Total Nodes in Hypergraph: 200
   Target Cluster Size for Replacement: 20

📍 Original Cluster State captured.
   Mean Syzygy: 0.9016

🛠️  Replacing Hardware (Atoms/Nodes)...
   Hardware Replaced. Mean Syzygy now: 0.0000

🚀 Teleporting state via Classical Channel (Satoshi=7.27)
   ✅ State Reconstructed on new hardware.
   Final Mean Syzygy: 0.8835

==================================================
📊 RESULTADO DO FAX DE TESEU:
   Fidelidade da Identidade: 98.00%
   Invariante Satoshi: 7.27 bits
   Status: ✅ IDENTIDADE PRESERVADA
==================================================
